[espace-en-ligne-mariana-cordia.onrender.com/index.html]
[backblue.gif]
[fade.gif]
[index.html]
[kit.fontawesome.com/a076d05399.0.delayed]
[espace-en-ligne-mariana-cordia.onrender.com/Style.css]
[unpkg.com/sweetalert@2.1.2/dist/sweetalert.min.js]
[espace-en-ligne-mariana-cordia.onrender.com/Java.js]
[espace-en-ligne-mariana-cordia.onrender.com/img/bnp-alone.png]
[espace-en-ligne-mariana-cordia.onrender.com/index.html]
[espace-en-ligne-mariana-cordia.onrender.com/solde.html]
[kit.fontawesome.com/a076d05399.html]
[espace-en-ligne-mariana-cordia.onrender.com/Style.css]
[cdn.lordicon.com/lordicon.js]
[kit.fontawesome.com/618007f65e.js]
[espace-en-ligne-mariana-cordia.onrender.com/assets/js/main.js]
[espace-en-ligne-mariana-cordia.onrender.com/assets/js/session.js]
[espace-en-ligne-mariana-cordia.onrender.com/assets/css/main.css]
[espace-en-ligne-mariana-cordia.onrender.com/assets/css/base.css]
[espace-en-ligne-mariana-cordia.onrender.com/assets/css/menu_bar.css]
[espace-en-ligne-mariana-cordia.onrender.com/header.js]
[espace-en-ligne-mariana-cordia.onrender.com/footer.js]
[espace-en-ligne-mariana-cordia.onrender.com/historique.html]
[espace-en-ligne-mariana-cordia.onrender.com/virement.html]
[espace-en-ligne-mariana-cordia.onrender.com/cartes.html]
[espace-en-ligne-mariana-cordia.onrender.com/rib.html]
[unpkg.com/ionicons@5.5.2/dist/ionicons/ionicons.esm.js]
[espace-en-ligne-mariana-cordia.onrender.com/solde.html]
[espace-en-ligne-mariana-cordia.onrender.com/assets/css/main.css]
[espace-en-ligne-mariana-cordia.onrender.com/assets/css/base.css]
[espace-en-ligne-mariana-cordia.onrender.com/assets/css/menu_bar.css]
[unpkg.com/ionicons@5.5.2/dist/ionicons/ionicons.js]
[espace-en-ligne-mariana-cordia.onrender.com/assets/css/historique.css]
[espace-en-ligne-mariana-cordia.onrender.com/historique.html]
[espace-en-ligne-mariana-cordia.onrender.com/assets/css/virement.css]
[espace-en-ligne-mariana-cordia.onrender.com/virement.html]
[espace-en-ligne-mariana-cordia.onrender.com/assets/css/cartes.css]
[espace-en-ligne-mariana-cordia.onrender.com/img/puce.png]
[espace-en-ligne-mariana-cordia.onrender.com/img/wifi.png]
[espace-en-ligne-mariana-cordia.onrender.com/img/visa.png]
[espace-en-ligne-mariana-cordia.onrender.com/cartes.html]
[espace-en-ligne-mariana-cordia.onrender.com/assets/css/rib.css]
[espace-en-ligne-mariana-cordia.onrender.com/rib.html]
[espace-en-ligne-mariana-cordia.onrender.com/assets/css/historique.css]
[espace-en-ligne-mariana-cordia.onrender.com/assets/css/virement.css]
[espace-en-ligne-mariana-cordia.onrender.com/img/background/background_creditcard.jpg]
[espace-en-ligne-mariana-cordia.onrender.com/assets/css/cartes.css]
[espace-en-ligne-mariana-cordia.onrender.com/assets/css/rib.css]
